// Jest Snapshot v1, https://goo.gl/fbAQLP

exports[`should match snapshot 1`] = `
<div>
  <div
    class="Coin"
  >
    <img
      alt="heads"
      src="https://upload.wikimedia.org/wikipedia/commons/thumb/3/33/2010_cent_obverse.jpg/240px-2010_cent_obverse.jpg"
    />
  </div>
</div>
`;
